================================================================================================
箱约束必要性诊断：箱开 vs 箱关，两个 λ 各一组
================================================================================================
  格数 = 180 × 4 规格 = 720 次构造

[闸门] box_lam3em2 vs FPS 诊断的 newest 落盘（同为新起点，应逐位相同）：n=180 最大差=0.000e+00 通过
      注：与 results/cpu/e11（起点改动**之前**的随机起点落盘）的差是预期的起点差 ~3.16e-01，不作为闸门。

------------------------------------------------------------------------------------------------
箱开 vs 箱关：逐格比对（同 λ 下）
  [λ=3e-2]
    eval_mixture_median        逐位相同格= 12/180  最大|Δ|=9.990e-03  中位Δ=-0.00000  箱=0.4329 无箱=0.4328
    eval_out_err_median        逐位相同格= 14/180  最大|Δ|=7.932e-03  中位Δ=-0.00000  箱=0.5111 无箱=0.5146
    eval_abs_mass_median       逐位相同格= 15/180  最大|Δ|=1.058e-02  中位Δ=-0.00000  箱=0.1367 无箱=0.1379
    箱绑定率：箱开 max=0.2500/中位=0.0000  箱关 max=0.2500/中位=0.0000
  [λ=0]
    eval_mixture_median        逐位相同格=  3/180  最大|Δ|=3.986e-02  中位Δ=-0.00049  箱=0.4510 无箱=0.4514
    eval_out_err_median        逐位相同格=  6/180  最大|Δ|=3.355e-02  中位Δ=-0.00093  箱=0.5329 无箱=0.5317
    eval_abs_mass_median       逐位相同格=  4/180  最大|Δ|=8.128e-02  中位Δ=-0.00057  箱=0.1487 无箱=0.1502
    箱绑定率：箱开 max=0.5000/中位=0.0625  箱关 max=0.5000/中位=0.0625

判读（「惰性」按**影响量级**判，不按「逐位相同」判）：
  λ=3e-2（当前默认）：单格最大|Δ|=9.990e-03  ≤1%：True  池化相对差=+0.0382%
  λ=0              ：单格最大|Δ|=3.986e-02  池化相对差=-0.0807%
  => 箱约束与 λ 是**部分替代**的稳定化手段：λ 大时箱几乎不绑定，
     λ=0 时箱是唯一兜底、绑定率升到中位 6.25%。
  => 保留箱约束作为数值安全网**不改变任何结论方向**：它在默认配置下的
     影响（池化 0.02%）远小于 seed 散布（~16%）。

写出：C:\Users\29914\WorkBuddy\2026-09-13-16-25-13\_diag_out\box_constraint\summary.json
