====================================================================================================
FPS 起点口径诊断：random（代码现状）vs newest（论文/AuthorKit27）
====================================================================================================
[闸 1] 自检：random 模式下本脚本的 FPS 与 src 现状逐位比对
    n=  64 M=  8 seed=42  逐位相同=True
    n=  96 M= 16 seed=43  逐位相同=True
    n= 128 M= 32 seed=44  逐位相同=True
    n= 200 M= 48 seed=45  逐位相同=True
    结论：通过 —— 复刻可信

[闸 2] 互校：random 模式驱动的 180 格 vs E11 落盘 box_lam3em2
    格数 mine=180 e11=180 交集=180
    最大绝对差 = 0.000e+00
    结论：通过 —— 同批可比

[代表 Query 选取结果] 两种起点模式选出的索引差异
    seed=42 random=[6, 35, 3, 12, 23, 0, 9, 10]
    seed=42 newest=[47, 0, 12, 3, 28, 9, 21, 10]  交集=5/8
    seed=43 random=[4, 30, 12, 3, 45, 31, 33, 37]
    seed=43 newest=[47, 13, 12, 40, 31, 33, 30, 8]  交集=4/8

----------------------------------------------------------------------------------------------------
逐格差异：newest − random（负数 = 论文口径更好）
  [all]
    eval_mixture_median        n= 180  中位Δ=+0.00000  均值Δ=+0.01113  最大|Δ|=0.31590
    eval_out_err_median        n= 180  中位Δ=+0.00227  均值Δ=+0.01513  最大|Δ|=0.46620
    eval_abs_mass_median       n= 180  中位Δ=-0.00000  均值Δ=-0.00260  最大|Δ|=0.17733
  [B_le_M]
    eval_mixture_median        n=  90  中位Δ=+0.00000  均值Δ=+0.01167  最大|Δ|=0.31590
    eval_out_err_median        n=  90  中位Δ=+0.00180  均值Δ=+0.01547  最大|Δ|=0.42848
    eval_abs_mass_median       n=  90  中位Δ=-0.00000  均值Δ=-0.00368  最大|Δ|=0.17733
  [B_gt_M]
    eval_mixture_median        n=  90  中位Δ=-0.00000  均值Δ=+0.01059  最大|Δ|=0.26080
    eval_out_err_median        n=  90  中位Δ=+0.00377  均值Δ=+0.01479  最大|Δ|=0.46620
    eval_abs_mass_median       n=  90  中位Δ=-0.00034  均值Δ=-0.00152  最大|Δ|=0.06417

池化上中位数（180 格）
  random(现状)     mixture=0.4214  out=0.5060  abs=0.1412
  newest(论文)     mixture=0.4329  out=0.5111  abs=0.1367

  注：'随机起点'本身带 seed 噪声，两模式差异里有一部分是**起点噪声**，
      不全是'论文 vs 代码'的口径差。判据要看差异是否超出 seed 间的散布。

----------------------------------------------------------------------------------------------------
噪声底线：起点随机性自身的散布 vs newest 的偏移
  eval_mixture_median        格内跨seed极差中位=0.16537  |newest-中位|中位=0.04223  比值=0.255
  eval_out_err_median        格内跨seed极差中位=0.21413  |newest-中位|中位=0.04451  比值=0.208
  eval_abs_mass_median       格内跨seed极差中位=0.06557  |newest-中位|中位=0.01855  比值=0.283

池化上中位数（按 seed 分组）
  random   seed=42  mixture=0.4370  out=0.5478  abs=0.1365
  random   seed=43  mixture=0.4729  out=0.5516  abs=0.1568
  random   seed=44  mixture=0.4224  out=0.4837  abs=0.1475
  random   seed=45  mixture=0.3922  out=0.4675  abs=0.1418
  random   seed=46  mixture=0.3949  out=0.4668  abs=0.1246
  newest   seed=42  mixture=0.4866  out=0.5658  abs=0.1367
  newest   seed=43  mixture=0.4545  out=0.5313  abs=0.1456
  newest   seed=44  mixture=0.4560  out=0.4974  abs=0.1390
  newest   seed=45  mixture=0.4062  out=0.4927  abs=0.1351
  newest   seed=46  mixture=0.4122  out=0.4556  abs=0.1259

  => 若 newest 的池化值落在 random 各 seed 的取值区间内，两者不可分辨。
写出：C:\Users\29914\WorkBuddy\2026-09-13-16-25-13\_diag_out\fps_start\summary.json
