====================================================================================================
C10 基线失败根因定位：seed=0 L=256 chunk=64 world=4 dtype=FP64
====================================================================================================
====================================================================================================
D1：口径 —— 因果前缀切片 vs 完整块（误差中有多少来自压缩本身）
====================================================================================================
  causal=True   FastKV=1.1214   APB(b32)=1.6868   |Dense|max=2.2651
  causal=False  FastKV=0.2397   APB(b32)=0.6030   |Dense|max=0.5282
  ⇒ 非因果给出压缩本身的误差；因果额外叠加前缀不一致。

====================================================================================================
D2：误差分解 —— FastKV 在 B = L_s（无选键压缩）下把回归 V 换回精确 V
====================================================================================================
  causal=True   src(fast_kv_cpu)=1.1214   参考实现/回归V=1.1214   参考实现/精确V=0.0136
  causal=False  src(fast_kv_cpu)=0.2397   参考实现/回归V=0.2397   参考实现/精确V=0.0076
  selected_indices 恰为 0..L_s-1（即未发生选键压缩）: True
  FastKVConfig: budget=64 M=32 d_p=16 lambda_beta=0.03 lambda_value=0.001
  ⇒ 精确 V 显著压低偏差 ⇒ 非因果下的误差主要来自 Value 回归（而不是 β 或选键）；注意该残差对 lambda_beta 敏感。

====================================================================================================
D3：APB 位置序缺陷 —— 行序切片（原实现） vs 位置掩码（修正后）
====================================================================================================
  budget= 32 causal=True    行序切片=1.9944   位置掩码=1.6868
  budget= 32 causal=False   行序切片=0.6030   位置掩码=0.6030
  budget= 64 causal=True    行序切片=1.9944   位置掩码=0.0000
  budget= 64 causal=False   行序切片=0.0000   位置掩码=0.0000
  topk(budget=32) 前 6 个索引 = [22, 0, 19, 8, 27, 33]（按位置升序？False）
  ⇒ budget = 块长时不丢任何 Key，两种实现都应与 Dense 逐位一致（正确性锚点）。
  ⇒ budget < 块长时，只有位置掩码与因果语义自洽。

落盘：results\cpu\c10\summary.json
