==============================================================================================================================
E11：λ_β 的细化扫描与分域定位（箱约束 [−3,3] 固定打开）
==============================================================================================================================
  L_s=256 d_h=32 d_v=32 dest=3 queries/dest=96 eval_frac=0.5
  M=[8, 16, 32] budgets=[8, 16, 32, 64] seeds=5 λ_v=0.001 focus=8.0
  (M,B,dest,seed) 组合 = 180，× 16 规格 = 2880 次构造

  规格：
    箱+λ     box_lam1em3        β∈[-3.0,+3.0] λ_β=0.001   
    箱+λ     box_lam3em3        β∈[-3.0,+3.0] λ_β=0.003   
    箱+λ     box_lam1em2        β∈[-3.0,+3.0] λ_β=0.01    
    箱+λ     box_lam3em2        β∈[-3.0,+3.0] λ_β=0.03    
    箱+λ     box_lam1em1        β∈[-3.0,+3.0] λ_β=0.1     
    箱+λ     box_lam3em1        β∈[-3.0,+3.0] λ_β=0.3     
    箱+λ     box_lam1e0         β∈[-3.0,+3.0] λ_β=1       
    箱+λ     box_lam3e0         β∈[-3.0,+3.0] λ_β=3       
    箱+λ     box_lam1e1         β∈[-3.0,+3.0] λ_β=10      
    箱+λ     box_lam3e1         β∈[-3.0,+3.0] λ_β=30      
    箱+λ     box_lam1e2         β∈[-3.0,+3.0] λ_β=100     
    箱+λ     box_lam1e3         β∈[-3.0,+3.0] λ_β=1000    
    无箱互校    nobox_lam1em3      β∈[  −∞,   ∞] λ_β=0.001   
    无箱互校    nobox_lam1em1      β∈[  −∞,   ∞] λ_β=0.1     
    参照      scalar             β∈[  −∞,   ∞] λ_β=0.001   
    参照      nobeta             β∈[  −∞,   ∞] λ_β=0.001   

==============================================================================================================================
表 1：λ 阶梯（箱约束 [−3,3] 固定打开；各规格在 180 格上取上中位数）
  箱绑定率 = 顶在 ±3 边界的坐标占比；clamp率 = 顶在 log(1e-6) 的坐标占比
==============================================================================================================================
规格                    λ_β      箱绑定率   clamp率   β_std  β_mean  B_eff/B     V残差      留出输出      留出归并    样本内|mass|   留出|mass|
------------------------------------------------------------------------------------------------------------------------------
  --- 箱+λ ---
  box_lam1em3       0.001     0.057    0.000   1.169   0.156   0.6793  0.1024    0.5206    0.4354       0.1172     0.1594
  box_lam3em3       0.003     0.047    0.000   1.107   0.230   0.6896  0.0977    0.5176    0.4317       0.1131     0.1554
  box_lam1em2        0.01     0.034    0.000   0.877   0.321   0.7184  0.0836    0.5164    0.4265       0.1098     0.1485
  box_lam3em2        0.03     0.016    0.000   0.610   0.437   0.7516  0.0729    0.5060    0.4214       0.1032     0.1412
  box_lam1em1         0.1     0.003    0.000   0.358   0.504   0.7757  0.0594    0.4952    0.4174       0.1085     0.1384
  box_lam3em1         0.3     0.000    0.000   0.233   0.474   0.7748  0.0574    0.4951    0.4184       0.1235     0.1399
  box_lam1e0            1     0.000    0.000   0.163   0.392   0.7601  0.0581    0.4909    0.4187       0.1606     0.1640
  box_lam3e0            3     0.000    0.000   0.135   0.310   0.7524  0.0590    0.4923    0.4421       0.2191     0.2146
  box_lam1e1           10     0.000    0.000   0.108   0.194   0.7645  0.0586    0.4974    0.4577       0.3165     0.3033
  box_lam3e1           30     0.000    0.000   0.065   0.101   0.7921  0.0568    0.4993    0.4843       0.4081     0.3968
  box_lam1e2          100     0.000    0.000   0.028   0.039   0.8172  0.0546    0.5005    0.5081       0.4639     0.4543
  box_lam1e3         1000     0.000    0.000   0.003   0.005   0.8316  0.0530    0.4996    0.5127       0.4850     0.4846
  --- 无箱互校 ---
  nobox_lam1em3     0.001     0.068    0.054   3.670  -0.466   0.6712  0.1028    0.5229    0.4344       0.1221     0.1620
  nobox_lam1em1       0.1     0.003    0.002   0.358   0.472   0.7757  0.0595    0.4952    0.4174       0.1085     0.1384
  --- 参照 ---
  scalar            0.001     0.000    0.000   0.000   0.679   0.8324  0.0528    0.4996    0.4138       0.1308     0.1381
  nobeta            0.001     0.000    0.000   0.000   0.000   0.8324  0.0528    0.4996    0.5158       0.4900     0.4877

==============================================================================================================================
表 2：分域 —— B≤M（回归超定）与 B>M（回归欠定）；每域内取上中位数
==============================================================================================================================
规格                    λ_β域        n      留出输出      留出归并  B_eff/B     V残差   β_std      箱绑定率
------------------------------------------------------------------------------------------------------------------------------
  box_lam1em3       0.001B≤M     90    0.5121    0.4260   0.7421  0.2644   1.508     0.125
  box_lam1em3       0.001B>M     90    0.5496    0.4378   0.6125  0.0377   0.853     0.035
  box_lam3em3       0.003B≤M     90    0.5094    0.4237   0.7478  0.2611   1.473     0.108
  box_lam3em3       0.003B>M     90    0.5462    0.4402   0.6258  0.0371   0.749     0.027
  box_lam1em2        0.01B≤M     90    0.5082    0.4240   0.7696  0.2408   1.235     0.084
  box_lam1em2        0.01B>M     90    0.5356    0.4309   0.6602  0.0353   0.570     0.018
  box_lam3em2        0.03B≤M     90    0.4999    0.4150   0.8065  0.2276   0.844     0.042
  box_lam3em2        0.03B>M     90    0.5168    0.4247   0.7021  0.0341   0.426     0.008
  box_lam1em1         0.1B≤M     90    0.4920    0.4222   0.8311  0.2060   0.437     0.005
  box_lam1em1         0.1B>M     90    0.5072    0.4174   0.7263  0.0326   0.284     0.002
  box_lam3em1         0.3B≤M     90    0.5025    0.4280   0.8380  0.1905   0.263     0.000
  box_lam3em1         0.3B>M     90    0.4866    0.4073   0.7073  0.0332   0.204     0.000
  box_lam1e0            1B≤M     90    0.5036    0.4475   0.8176  0.1942   0.171     0.000
  box_lam1e0            1B>M     90    0.4842    0.4068   0.6979  0.0332   0.137     0.000
  box_lam3e0            3B≤M     90    0.5044    0.4721   0.8115  0.1963   0.153     0.000
  box_lam3e0            3B>M     90    0.4814    0.4073   0.7026  0.0341   0.109     0.000
  box_lam1e1           10B≤M     90    0.5081    0.5264   0.8280  0.1968   0.116     0.000
  box_lam1e1           10B>M     90    0.4795    0.4154   0.7056  0.0337   0.087     0.000
  box_lam3e1           30B≤M     90    0.5097    0.5687   0.8553  0.1955   0.068     0.000
  box_lam3e1           30B>M     90    0.4801    0.4284   0.7229  0.0322   0.061     0.000
  box_lam1e2          100B≤M     90    0.5127    0.5904   0.8705  0.1941   0.027     0.000
  box_lam1e2          100B>M     90    0.4809    0.4351   0.7454  0.0313   0.029     0.000
  box_lam1e3         1000B≤M     90    0.5177    0.6098   0.8796  0.1933   0.003     0.000
  box_lam1e3         1000B>M     90    0.4807    0.4482   0.7657  0.0302   0.004     0.000
  nobox_lam1em3     0.001B≤M     90    0.5124    0.4259   0.7329  0.2648   5.086     0.126
  nobox_lam1em3     0.001B>M     90    0.5496    0.4364   0.6021  0.0377   1.836     0.050
  nobox_lam1em1       0.1B≤M     90    0.4920    0.4222   0.8310  0.2060   0.437     0.005
  nobox_lam1em1       0.1B>M     90    0.5072    0.4174   0.7263  0.0326   0.284     0.002
  scalar            0.001B≤M     90    0.5173    0.4332   0.8810  0.1932   0.000     0.000
  scalar            0.001B>M     90    0.4812    0.4081   0.7689  0.0300   0.000     0.000
  nobeta            0.001B≤M     90    0.5173    0.6119   0.8810  0.1932   0.000     0.000
  nobeta            0.001B>M     90    0.4812    0.4505   0.7689  0.0300   0.000     0.000

============================================================================================================================================
表 3：逐 (M,B) 格的最优 λ（只在箱阶梯上取 argmin）
  若最优点在多数格上都是阶梯的端点，说明最优点在扫描区间之外，结论不成立。
==============================================================================================================================
   M    B域       |   0.001    0.003     0.01     0.03      0.1      0.3        1        3       10       30      100     1000   | argmin(输出)  argmin(归并)
--------------------------------------------------------------------------------------------------------------------------------------------
   8    8B≤M     |  0.6580   0.6596   0.7197   0.7059   0.7915   0.8118   0.8319   0.8315   0.8294   0.8573   0.8600   0.8518   |  0.001         0.001
   8   16B>M     |  0.6633   0.6610   0.6347   0.6300   0.5969   0.5880   0.5871   0.5705   0.5813   0.5810   0.5743   0.5702   |   1000             1
   8   32B>M     |  0.5932   0.5898   0.5864   0.5716   0.5548   0.5657   0.5636   0.5532   0.5527   0.5526   0.5493   0.5468   |   1000             1
   8   64B>M     |  0.5654   0.5635   0.5606   0.5589   0.5536   0.5543   0.5512   0.5503   0.5485   0.5511   0.5527   0.5527   |     10           0.1
  16    8B≤M     |  0.5758   0.5758   0.5769   0.5788   0.5777   0.5938   0.6071   0.6116   0.6123   0.6126   0.6113   0.6099   |  0.003          0.01
  16   16B≤M     |  0.5683   0.5678   0.5633   0.5641   0.5336   0.5603   0.5599   0.5700   0.5831   0.5859   0.5847   0.5832   |    0.1             3
  16   32B>M     |  0.4958   0.5066   0.4973   0.4895   0.4671   0.4487   0.4431   0.4402   0.4383   0.4363   0.4314   0.4288   |   1000           0.1
  16   64B>M     |  0.4565   0.4508   0.4505   0.4438   0.4282   0.4223   0.4161   0.4142   0.4138   0.4147   0.4165   0.4184   |     10           0.3
  32    8B≤M     |  0.4878   0.4871   0.4860   0.4845   0.4875   0.5055   0.5036   0.5044   0.5025   0.4990   0.4975   0.4968   |   0.03         0.001
  32   16B≤M     |  0.4197   0.4167   0.4153   0.4094   0.4055   0.4030   0.4030   0.4009   0.4020   0.4044   0.4065   0.4067   |      3          0.03
  32   32B≤M     |  0.3777   0.3717   0.3609   0.3644   0.3347   0.3273   0.3250   0.3213   0.3231   0.3217   0.3256   0.3291   |      3           0.3
  32   64B>M     |  0.3150   0.3127   0.3066   0.2941   0.2864   0.2771   0.2743   0.2772   0.2784   0.2783   0.2778   0.2755   |      1           0.3

  argmin 分布（留出输出）：{'0.001': 1, '0.003': 1, '0.03': 1, '0.1': 1, '1': 1, '3': 2, '10': 2, '1000': 3}
  argmin 分布（留出归并）：{'0.001': 2, '0.01': 1, '0.03': 1, '0.1': 2, '0.3': 3, '1': 2, '3': 1}

  argmin(输出) 的域内中位 λ：B≤M → 0.1，B>M → 1e+03
  argmin(归并) 的域内中位 λ：B≤M → 0.03，B>M → 0.3

==============================================================================================================================
表 4：逐格与固定参照 box_lam1em3（箱 + λ=1e-3，即扫描前的旧默认）比较，统计「更优」的格数
  域内按 (M,B) 的上中位数比较；「更优」= 误差更小
==============================================================================================================================
规格                    λ_β       B≤M 胜/负       B>M 胜/负        合计
------------------------------------------------------------------------------------------------------------------------------
  box_lam3em3       0.003           5/1           5/1      10/2
  box_lam1em2        0.01           4/2           5/1       9/3
  box_lam3em2        0.03           4/2           6/0      10/2
  box_lam1em1         0.1           4/2           6/0      10/2
  box_lam3em1         0.3           3/3           6/0       9/3
  box_lam1e0            1           3/3           6/0       9/3
  box_lam3e0            3           2/4           6/0       8/4
  box_lam1e1           10           2/4           6/0       8/4
  box_lam3e1           30           2/4           6/0       8/4
  box_lam1e2          100           2/4           6/0       8/4
  box_lam1e3         1000           2/4           6/0       8/4
  nobox_lam1em3     0.001           1/5           0/6      1/11
  nobox_lam1em1       0.1           4/2           6/0      10/2
  scalar            0.001           2/4           6/0       8/4
  nobeta            0.001           2/4           6/0       8/4

==============================================================================================================================
H-lam1：λ→∞ 时 β→0，故大 λ 规格应当与「关闭 β」逐位一致
  逐档展示收敛过程（只看最大的 λ 会分不清「尚未渐近」与「前提不成立」）
==============================================================================================================================
规格                   λ_β     β_std    β_mean   |Δeval_out_er   |Δeval_mixtur   |Δx_eff_budge   |Δv_fit_resid   max|Δ|/β_std
------------------------------------------------------------------------------------------------------------------------------
  box_lam1e1          10 1.078e-01 1.940e-01       7.024e-02       1.733e-01       9.374e-02       1.828e-02           1.61
  box_lam3e1          30 6.479e-02 1.005e-01       3.184e-02       8.436e-02       6.507e-02       1.171e-02           1.30
  box_lam1e2         100 2.762e-02 3.866e-02       1.721e-02       3.456e-02       3.104e-02       5.671e-03           1.25
  box_lam1e3        1000 3.430e-03 4.527e-03       4.719e-03       5.215e-03       4.343e-03       7.136e-04           1.52

  β_std 衰减：1.078e-01 → 3.430e-03（共 4 档单调下降）
  max|Δ| / β_std（各档）：1.61，1.30，1.25，1.52
  → 与渐近前提一致：β_std 单调衰减，且 max|Δ| ≤ 1.61·β_std（比值有界 ⇒ β_std→0 时 |Δ|→0）

==============================================================================================================================
管线互校：本脚本与 E10 在同规格上的上中位数对照（E10 值取自其 summary.json）
==============================================================================================================================
规格                       本脚本(输出)     E10(输出)         Δ       本脚本(归并)     E10(归并)         Δ
------------------------------------------------------------------------------------------------------------------------------
  nobox_lam1em3           0.5229      0.5229   -0.0000        0.4344      0.4344   -0.0000   ✓
  nobox_lam1em1           0.4952      0.4952   +0.0000        0.4174      0.4174   +0.0000   ✓
  scalar                  0.4996      0.4996   -0.0000        0.4138      0.4138   -0.0000   ✓
  nobeta                  0.4996      0.4996   -0.0000        0.5158      0.5158   -0.0000   ✓
  → 两套管线一致（比较链可信）

==============================================================================================================================
配对检验（逐 (seed,dest,M,B) 配对；A 优于 B ⇔ A 误差更小）
  参照 B = 固定规格 box_lam1em3（箱 + λ=1e-3，扫描前的旧默认）
==============================================================================================================================
  --- eval_out_err_median（全部格子）---
  [全部] box_lam3em3        vs box_lam1em3        n=180  Δ=-0.0013 CI95=[-0.0026,+0.0000] p=0.0268 W/L=125/55
  [全部] box_lam1em2        vs box_lam1em3        n=180  Δ=-0.0045 CI95=[-0.0093,+0.0007] p=0.0371 W/L=131/49
  [全部] box_lam3em2        vs box_lam1em3        n=180  Δ=-0.0119 CI95=[-0.0196,-0.0040] p=0.0014 W/L=135/45
  [全部] box_lam1em1        vs box_lam1em3        n=180  Δ=-0.0185 CI95=[-0.0291,-0.0081] p=0.0000 W/L=136/44
  [全部] box_lam3em1        vs box_lam1em3        n=180  Δ=-0.0184 CI95=[-0.0301,-0.0069] p=0.0007 W/L=128/52
  [全部] box_lam1e0         vs box_lam1em3        n=180  Δ=-0.0161 CI95=[-0.0288,-0.0038] p=0.0064 W/L=125/55
  [全部] box_lam3e0         vs box_lam1em3        n=180  Δ=-0.0133 CI95=[-0.0266,-0.0003] p=0.0247 W/L=121/59
  [全部] box_lam1e1         vs box_lam1em3        n=180  Δ=-0.0117 CI95=[-0.0252,+0.0015] p=0.0439 W/L=117/63
  [全部] box_lam3e1         vs box_lam1em3        n=180  Δ=-0.0114 CI95=[-0.0251,+0.0022] p=0.0514 W/L=119/61
  [全部] box_lam1e2         vs box_lam1em3        n=180  Δ=-0.0123 CI95=[-0.0258,+0.0014] p=0.0411 W/L=123/57
  [全部] box_lam1e3         vs box_lam1em3        n=180  Δ=-0.0131 CI95=[-0.0266,+0.0006] p=0.0330 W/L=121/59

  --- eval_out_err_median（B>M 域）---
  [B>M] box_lam1em2        vs box_lam1em3        n=90   Δ=-0.0110 CI95=[-0.0160,-0.0062] p=0.0000 W/L=78/12
  [B>M] box_lam3em2        vs box_lam1em3        n=90   Δ=-0.0265 CI95=[-0.0350,-0.0189] p=0.0000 W/L=85/5
  [B>M] box_lam1em1        vs box_lam1em3        n=90   Δ=-0.0407 CI95=[-0.0512,-0.0311] p=0.0000 W/L=84/6
  [B>M] box_lam3em1        vs box_lam1em3        n=90   Δ=-0.0464 CI95=[-0.0582,-0.0356] p=0.0000 W/L=84/6
  [B>M] box_lam1e0         vs box_lam1em3        n=90   Δ=-0.0481 CI95=[-0.0605,-0.0365] p=0.0000 W/L=84/6
  [B>M] box_lam3e0         vs box_lam1em3        n=90   Δ=-0.0481 CI95=[-0.0608,-0.0359] p=0.0000 W/L=82/8

  --- eval_out_err_median（B≤M 域）---
  [B≤M] box_lam1em2        vs box_lam1em3        n=90   Δ=+0.0019 CI95=[-0.0059,+0.0111] p=0.6492 W/L=53/37
  [B≤M] box_lam3em2        vs box_lam1em3        n=90   Δ=+0.0028 CI95=[-0.0091,+0.0160] p=0.6666 W/L=50/40
  [B≤M] box_lam1em1        vs box_lam1em3        n=90   Δ=+0.0036 CI95=[-0.0128,+0.0217] p=0.6573 W/L=52/38
  [B≤M] box_lam3em1        vs box_lam1em3        n=90   Δ=+0.0096 CI95=[-0.0083,+0.0287] p=0.8392 W/L=44/46
  [B≤M] box_lam1e0         vs box_lam1em3        n=90   Δ=+0.0158 CI95=[-0.0031,+0.0356] p=0.9391 W/L=41/49
  [B≤M] box_lam3e0         vs box_lam1em3        n=90   Δ=+0.0215 CI95=[+0.0015,+0.0423] p=0.9784 W/L=39/51

  --- eval_mixture_median（全部格子）---
  [全部] box_lam3em3        vs box_lam1em3        n=180  Δ=-0.0015 CI95=[-0.0028,-0.0003] p=0.0074 W/L=125/55
  [全部] box_lam1em2        vs box_lam1em3        n=180  Δ=-0.0058 CI95=[-0.0097,-0.0015] p=0.0016 W/L=129/51
  [全部] box_lam3em2        vs box_lam1em3        n=180  Δ=-0.0118 CI95=[-0.0181,-0.0055] p=0.0003 W/L=134/46
  [全部] box_lam1em1        vs box_lam1em3        n=180  Δ=-0.0158 CI95=[-0.0250,-0.0065] p=0.0001 W/L=130/50
  [全部] box_lam3em1        vs box_lam1em3        n=180  Δ=-0.0155 CI95=[-0.0260,-0.0049] p=0.0020 W/L=125/55
  [全部] box_lam1e0         vs box_lam1em3        n=180  Δ=-0.0093 CI95=[-0.0212,+0.0025] p=0.0622 W/L=115/65
  [全部] box_lam3e0         vs box_lam1em3        n=180  Δ=+0.0044 CI95=[-0.0090,+0.0180] p=0.7353 W/L=107/73
  [全部] box_lam1e1         vs box_lam1em3        n=180  Δ=+0.0280 CI95=[+0.0123,+0.0435] p=0.9999 W/L=96/84
  [全部] box_lam3e1         vs box_lam1em3        n=180  Δ=+0.0528 CI95=[+0.0352,+0.0703] p=1.0000 W/L=82/98
  [全部] box_lam1e2         vs box_lam1em3        n=180  Δ=+0.0723 CI95=[+0.0537,+0.0904] p=1.0000 W/L=62/118
  [全部] box_lam1e3         vs box_lam1em3        n=180  Δ=+0.0849 CI95=[+0.0659,+0.1036] p=1.0000 W/L=54/126

  --- eval_mixture_median（B>M 域）---
  [B>M] box_lam1em2        vs box_lam1em3        n=90   Δ=-0.0107 CI95=[-0.0151,-0.0069] p=0.0000 W/L=78/12
  [B>M] box_lam3em2        vs box_lam1em3        n=90   Δ=-0.0238 CI95=[-0.0311,-0.0174] p=0.0000 W/L=82/8
  [B>M] box_lam1em1        vs box_lam1em3        n=90   Δ=-0.0357 CI95=[-0.0452,-0.0272] p=0.0000 W/L=87/3
  [B>M] box_lam3em1        vs box_lam1em3        n=90   Δ=-0.0405 CI95=[-0.0514,-0.0305] p=0.0000 W/L=84/6
  [B>M] box_lam1e0         vs box_lam1em3        n=90   Δ=-0.0417 CI95=[-0.0536,-0.0301] p=0.0000 W/L=80/10
  [B>M] box_lam3e0         vs box_lam1em3        n=90   Δ=-0.0371 CI95=[-0.0496,-0.0244] p=0.0000 W/L=78/12

  --- eval_mixture_median（B≤M 域）---
  [B≤M] box_lam1em2        vs box_lam1em3        n=90   Δ=-0.0009 CI95=[-0.0072,+0.0066] p=0.4194 W/L=51/39
  [B≤M] box_lam3em2        vs box_lam1em3        n=90   Δ=+0.0001 CI95=[-0.0095,+0.0107] p=0.5177 W/L=52/38
  [B≤M] box_lam1em1        vs box_lam1em3        n=90   Δ=+0.0041 CI95=[-0.0101,+0.0195] p=0.7020 W/L=43/47
  [B≤M] box_lam3em1        vs box_lam1em3        n=90   Δ=+0.0096 CI95=[-0.0064,+0.0265] p=0.8693 W/L=41/49
  [B≤M] box_lam1e0         vs box_lam1em3        n=90   Δ=+0.0230 CI95=[+0.0054,+0.0415] p=0.9936 W/L=35/55
  [B≤M] box_lam3e0         vs box_lam1em3        n=90   Δ=+0.0459 CI95=[+0.0264,+0.0665] p=1.0000 W/L=29/61


结果已写入 results/cpu/e11/summary.json 与 rows.csv
