==============================================================================
E2b：β 链路口径判定
==============================================================================
  L_s=256 d_h=32 d_v=32 dest=3 queries/dest=96 eval_frac=0.5
  M=16 d_p=16 budgets=[8, 16, 32] seeds=5 focus=8.0 λ_β=0.03
  β 箱约束 = 无（E2b 只判定**口径**，故不启用箱约束以隔离该变量；箱约束与 λ_β 的判定分别在 E10 与 E11）
  β 的理想量级（质量保持）：log(L_s/B) = [3.466, 2.773, 2.079]

------------------------------------------------------------------------------
口径                        单块err      归并err         JS   |mass|(自移)   |mass|(公共)    β_mean  clamp
------------------------------------------------------------------------------
legacy               7.4778e-01 9.9987e-01 3.1810e-01   6.7641e-01   1.8258e+00    -1.964    181
legacy_fixed_solver  1.0894e+00 1.3808e+00 4.1977e-01   6.9341e-01   9.9939e-01    -9.179    373
shift                5.3822e-01 7.7654e-01 2.6625e-01   5.0427e-01   7.7306e-01    -9.149    525
am                   5.2390e-01 4.6005e-01 3.0036e-01   6.1961e-01   1.7368e-01     0.062     27
am_over_m            5.3153e-01 5.5103e-01 2.6462e-01   5.6829e-01   5.7956e-01     0.062     27
am_logfit            5.3575e-01 4.4032e-01 2.8788e-01   6.2115e-01   1.7934e-01     0.469      0
am_scalar            5.2509e-01 4.4837e-01 2.6004e-01   5.6848e-01   1.7110e-01     0.905      0
am_nobeta            5.2509e-01 5.5829e-01 2.6004e-01   5.6848e-01   5.7678e-01     0.000      0

------------------------------------------------------------------------------
β_mean 随预算的变化（质量保持口径应 ≈ log(L_s/B)）
------------------------------------------------------------------------------
    预算 B   log(L_s/B)       legacy legacy_fixed_solver        shift           am    am_over_m    am_logfit    am_scalar    am_nobeta
       8        3.466        1.100       -8.075       -7.516        0.238        0.238        0.801        1.288        0.000
      16        2.773        1.769       -9.399       -9.411       -0.330       -0.330        0.280        0.877        0.000
      32        2.079       -8.760      -10.062      -10.519        0.278        0.278        0.328        0.548        0.000

------------------------------------------------------------------------------
配对比较（rel_out_err，逐 (seed, dest, budget) 配对，越小越好）
------------------------------------------------------------------------------
  [单块误差 rel_out_err]
  shift                vs legacy       n=45   mean_diff=-2.7202e-01 CI95=[-3.492e-01,-1.982e-01] p=0.0000  win/lose/tie=42/3/0
  am                   vs legacy       n=45   mean_diff=-2.7337e-01 CI95=[-3.478e-01,-2.033e-01] p=0.0000  win/lose/tie=42/3/0
  am_over_m            vs legacy       n=45   mean_diff=-2.8106e-01 CI95=[-3.549e-01,-2.100e-01] p=0.0000  win/lose/tie=43/2/0

  [归并误差 mixture_rel_err —— β 的主战场]
  legacy               vs am_nobeta    n=45   mean_diff=+4.7087e-01 CI95=[+3.520e-01,+5.941e-01] p=1.0000  win/lose/tie=7/38/0
  legacy_fixed_solver  vs am_nobeta    n=45   mean_diff=+8.0502e-01 CI95=[+7.633e-01,+8.462e-01] p=1.0000  win/lose/tie=0/45/0
  shift                vs am_nobeta    n=45   mean_diff=+1.9881e-01 CI95=[+1.856e-01,+2.120e-01] p=1.0000  win/lose/tie=0/45/0
  am                   vs am_nobeta    n=45   mean_diff=-1.1876e-01 CI95=[-1.507e-01,-8.775e-02] p=0.0000  win/lose/tie=37/8/0
  am_over_m            vs am_nobeta    n=45   mean_diff=-7.8448e-03 CI95=[-1.075e-02,-4.972e-03] p=0.0000  win/lose/tie=38/7/0
  am_logfit            vs am_nobeta    n=45   mean_diff=-1.1660e-01 CI95=[-1.484e-01,-8.641e-02] p=0.0000  win/lose/tie=39/6/0
  am_scalar            vs am_nobeta    n=45   mean_diff=-1.2308e-01 CI95=[-1.506e-01,-9.809e-02] p=0.0000  win/lose/tie=44/1/0
  am_nobeta            vs am_nobeta    n=45   mean_diff=+0.0000e+00 CI95=[+0.000e+00,+0.000e+00] p=1.0000  win/lose/tie=0/0/45

  [单块误差视角：β 的跨 Key 离散度效应]
  legacy               vs am_nobeta    n=45   mean_diff=+2.7566e-01 CI95=[+2.033e-01,+3.502e-01] p=1.0000  win/lose/tie=5/40/0
  legacy_fixed_solver  vs am_nobeta    n=45   mean_diff=+5.9210e-01 CI95=[+5.011e-01,+6.876e-01] p=1.0000  win/lose/tie=0/45/0
  shift                vs am_nobeta    n=45   mean_diff=+3.6395e-03 CI95=[-3.677e-03,+1.107e-02] p=0.8274  win/lose/tie=22/23/0
  am                   vs am_nobeta    n=45   mean_diff=+2.2984e-03 CI95=[-1.651e-02,+1.923e-02] p=0.5847  win/lose/tie=22/23/0
  am_over_m            vs am_nobeta    n=45   mean_diff=-5.3942e-03 CI95=[-9.189e-03,-1.996e-03] p=0.0019  win/lose/tie=28/17/0
  am_logfit            vs am_nobeta    n=45   mean_diff=+5.6499e-03 CI95=[-9.995e-03,+2.105e-02] p=0.7518  win/lose/tie=21/24/0
  am_scalar            vs am_nobeta    n=45   mean_diff=+3.5763e-08 CI95=[-1.834e-07,+2.748e-07] p=0.6099  win/lose/tie=21/22/2
  am_nobeta            vs am_nobeta    n=45   mean_diff=+0.0000e+00 CI95=[+0.000e+00,+0.000e+00] p=1.0000  win/lose/tie=0/0/45

------------------------------------------------------------------------------
结构性诊断：匹配质量所需的逐 query 乘性补偿 c_a = m_a / Σ_j exp(ℓc_a,j)
静态 β 只能做到'跨 Key 同一组固定抬升'；c_a 跨 query 越分散，β 越不可能有效。
------------------------------------------------------------------------------
    预算 B       B 口径   c_median   c_spread(p95/p5)       → 静态 β 可行?
       8     legacy      0.003              7.348              不可行
       8         am      3.477              2.878               勉强
       8  am_logfit      3.477              2.878               勉强
      16     legacy      0.002              5.123              不可行
      16         am      2.311              2.025               勉强
      16  am_logfit      2.311              2.025               勉强
      32     legacy      0.001              4.164               勉强
      32         am      1.682              1.572               可行
      32  am_logfit      1.682              1.572               可行

------------------------------------------------------------------------------
判定依据（不做超出数据的断言）
------------------------------------------------------------------------------
  口径                           归并误差      |mass|(公共)
  legacy                 9.9987e-01      1.8258e+00
  legacy_fixed_solver    1.3808e+00      9.9939e-01
  shift                  7.7654e-01      7.7306e-01
  am                     4.6005e-01      1.7368e-01
  am_logfit              4.4032e-01      1.7934e-01
  am_scalar              4.4837e-01      1.7110e-01
  am_nobeta              5.5829e-01      5.7678e-01

  · 正确口径 vs 仓库现状（单块误差）：mean_diff=-2.7337e-01, p=0.0000, 42/3 配对  → 应当修

  β 的效应（归并侧 = β 的主战场）：
    legacy               vs β 全关闭: mean_diff=+4.7087e-01 p=1.0000 win/lose=7/38  → 显著更差（β 有害）
    shift                vs β 全关闭: mean_diff=+1.9881e-01 p=1.0000 win/lose=0/45  → 显著更差（β 有害）
    am                   vs β 全关闭: mean_diff=-1.1876e-01 p=0.0000 win/lose=37/8  → 显著更优（β 生效）
    am_logfit            vs β 全关闭: mean_diff=-1.1660e-01 p=0.0000 win/lose=39/6  → 显著更优（β 生效）
    am_scalar            vs β 全关闭: mean_diff=-1.2308e-01 p=0.0000 win/lose=44/1  → 显著更优（β 生效）

  结论性提示（仅陈述数据允许的部分）：
    · β 的常数分量在单块 softmax 中会被完全抵消，因此'单块误差'
      天然对 β 主效应免疫 —— 判断 β 必须看归并侧。
    · 绝对质量误差：β 全关闭 0.5768 → 标量 β 0.1711（改善 3.37×）

结果已写入 results/cpu/e2b/summary.json 与 rows.csv
