==============================================================================
E9：旋钮定位 —— B（预算）还是 M（代表 Query 数）？
==============================================================================
  L_s=2048 d_h=32 d_v=32 dest=3
  β 箱约束 = [-3, +3]
  λ_β = 0.03
  每目的端 Query=2048，留出 50% → 拟合池=1024，评估池=1024
  M ∈ [4, 8, 16, 32, 48, 96, 192]    B ∈ [8, 16, 32, 64, 100]    seeds=5
  网格点数 = 7 × 5 × 3 × 5 = 525
  注意：所有指标都在**留出 Query** 上评估；oracle 曲线用评估 Query 自己拟合 V（作弊上界）。

  seed=42 完成（累计 105 格）
  seed=43 完成（累计 210 格）
  seed=44 完成（累计 315 格）
  seed=45 完成（累计 420 格）
  seed=46 完成（累计 525 格）

------------------------------------------------------------------------------
表 1：留出集上的相对输出误差（fit 链路）     行 = M，列 = B
------------------------------------------------------------------------------
   M\B          8         16         32         64        100
     4 8.8991e-01 8.4075e-01 8.1752e-01 8.1072e-01 8.0165e-01
     8 9.4232e-01 8.7927e-01 7.9000e-01 7.6985e-01 7.6606e-01
    16 7.9634e-01 8.3345e-01 8.4196e-01 7.2403e-01 7.0967e-01
    32 6.9565e-01 6.9209e-01 7.1494e-01 7.3902e-01 6.6269e-01
    48 6.6244e-01 6.4744e-01 6.4608e-01 7.0382e-01 6.5362e-01
    96 6.3034e-01 5.5862e-01 5.3956e-01 4.9548e-01 5.0562e-01
   192 6.0060e-01 5.5002e-01 4.7010e-01 4.0240e-01 3.9774e-01

表 2：oracle 上界（同 Key/β，用评估 Query 拟合 V）
------------------------------------------------------------------------------
   M\B          8         16         32         64        100
     4 6.4707e-01 5.8165e-01 4.6956e-01 3.5771e-01 2.9899e-01
     8 6.4394e-01 5.4025e-01 4.6127e-01 3.4990e-01 2.8430e-01
    16 6.2231e-01 5.5657e-01 4.7005e-01 3.5031e-01 2.9347e-01
    32 6.2580e-01 5.3617e-01 4.7436e-01 3.8581e-01 3.0962e-01
    48 6.0804e-01 5.2837e-01 4.5574e-01 3.7121e-01 3.0920e-01
    96 5.9751e-01 5.0340e-01 4.3514e-01 3.4551e-01 3.1786e-01
   192 5.8493e-01 5.1472e-01 4.1460e-01 3.2489e-01 2.9126e-01

表 3：估计差距 gap = fit − oracle（越小说明 M 越够用）
------------------------------------------------------------------------------
   M\B          8         16         32         64        100
     4 2.0394e-01 2.4033e-01 3.3216e-01 4.1264e-01 4.7770e-01
     8 2.5444e-01 3.3092e-01 2.9705e-01 3.8503e-01 4.3563e-01
    16 1.3562e-01 2.4429e-01 3.3503e-01 3.5960e-01 4.0773e-01
    32 7.6977e-02 1.2545e-01 2.6504e-01 3.5759e-01 3.5179e-01
    48 6.2293e-02 9.8442e-02 1.7235e-01 2.9995e-01 3.2626e-01
    96 3.5409e-02 5.5517e-02 9.5834e-02 1.5954e-01 2.0910e-01
   192 1.8757e-02 2.9579e-02 5.6331e-02 8.2679e-02 1.1431e-01

表 4：归并侧误差（β 参与其中，更贴近实际使用）
------------------------------------------------------------------------------
   M\B          8         16         32         64        100
     4 9.0479e-01 8.0778e-01 7.8150e-01 7.7538e-01 7.7375e-01
     8 9.2744e-01 8.6389e-01 7.7095e-01 7.4316e-01 7.4148e-01
    16 7.5674e-01 7.9611e-01 8.1569e-01 7.0520e-01 6.8333e-01
    32 6.8478e-01 6.6961e-01 7.0705e-01 7.2902e-01 6.5479e-01
    48 6.5779e-01 6.2419e-01 6.1133e-01 6.6802e-01 6.1521e-01
    96 6.2401e-01 5.5116e-01 5.3112e-01 4.8327e-01 4.9271e-01
   192 5.9577e-01 5.3528e-01 4.5075e-01 3.9093e-01 3.8891e-01

------------------------------------------------------------------------------
轴敏感度：固定另一个轴时，沿该轴可获得的相对改善
------------------------------------------------------------------------------
   M\B        沿 B 轴改善        沿 M 轴改善        主/次
     —         0.1456         0.4207      M 更有效

------------------------------------------------------------------------------
秩诊断：rank_upper_bound = min(M,B)；是否触及（= 回归欠定）
------------------------------------------------------------------------------
   M\B          8         16         32         64        100
     4        8/4       16/4       32/4       64/4      100/4
     8        8/8       16/8       32/8       64/8      100/8
    16        8/8      16/16      32/16      64/16     100/16
    32        8/8      16/16      32/32      64/32     100/32
    48        8/8      16/16      32/32      64/48     100/48
    96        8/8      16/16      32/32      64/64     100/96
   192        8/8      16/16      32/32      64/64    100/100
  （* = 数值秩低于上界，说明 XᵀX 在正则下仍退化）

------------------------------------------------------------------------------
选键保留的注意力质量占比（RMS 选键 vs 名义比 B/L_s）
------------------------------------------------------------------------------
     B     B/L_s(名义)         保留质量(实测)       倍数
     8        0.0039           0.0799    20.45×
    16        0.0078           0.1294    16.56×
    32        0.0156           0.1948    12.46×
    64        0.0312           0.2901     9.28×
   100        0.0488           0.3664     7.50×

结果已写入 results/cpu/e9/summary.json 与 rows.csv
